<html>
<body>
<pre>
<h1>µVision Build Log</h1>
<h2>Tool Versions:</h2>
IDE-Version: ¦ÌVision V5.21.1.0
Copyright (C) 2016 ARM Ltd and ARM Germany GmbH. All rights reserved.
License Information: BXY Martin, BXYMartin, LIC=EPPFW-QUQ8X-SFPI0-BEHHQ-C2LWT-MAL35
 
Tool Versions:
Toolchain:       MDK-ARM Professional  Version: 5.21a
Toolchain Path:  D:\Keil\ARM\ARMCC\Bin
C Compiler:      Armcc.exe V5.06 update 3 (build 300)
Assembler:       Armasm.exe V5.06 update 3 (build 300)
Linker/Locator:  ArmLink.exe V5.06 update 3 (build 300)
Library Manager: ArmAr.exe V5.06 update 3 (build 300)
Hex Converter:   FromElf.exe V5.06 update 3 (build 300)
CPU DLL:         SARMCM3.DLL V5.21a
Dialog DLL:      DCM.DLL V1.13.8.0
Target DLL:      Segger\JL2CM3.dll V2.99.23.0
Dialog DLL:      TCM.DLL V1.14.14.0
 
<h2>Project:</h2>
E:\KEIL\MiniFly V1.2.1\MiniFly Master\2£¬STM32F411\Firmware_F411 V1.2.1\USER\Firmware_F411.uvprojx
Project File Date:  02/02/2019

<h2>Output:</h2>
*** Using Compiler 'V5.06 update 3 (build 300)', folder: 'D:\Keil\ARM\ARMCC\Bin'
Rebuild target 'Firmware'
compiling sys.c...
compiling system_stm32f4xx.c...
compiling usart.c...
compiling delay.c...
compiling config_param.c...
compiling main.c...
compiling ak8963.c...
compiling exti.c...
compiling module_detect.c...
compiling led.c...
compiling bmp280.c...
compiling motors.c...
compiling i2cdev.c...
compiling i2c_drv.c...
compiling watchdog.c...
compiling stmflash.c...
compiling nvic.c...
compiling system.c...
compiling uart1.c...
compiling uart_syslink.c...
compiling mpu6500.c...
compiling spl06.c...
compiling vl53l0x_i2c.c...
compiling ws2812.c...
compiling spi.c...
compiling ledring12.c...
compiling wifi_ctrl.c...
assembling startup_stm32f411xe.s...
compiling module_mgt.c...
compiling stm32f4xx_dbgmcu.c...
compiling misc.c...
compiling stm32f4xx_adc.c...
compiling stm32f4xx_exti.c...
compiling stm32f4xx_dma.c...
compiling optical_flow.c...
compiling vl53l0x.c...
compiling stm32f4xx_gpio.c...
compiling stm32f4xx_i2c.c...
compiling stm32f4xx_iwdg.c...
compiling stm32f4xx_flash.c...
compiling stm32f4xx_spi.c...
compiling stm32f4xx_rcc.c...
compiling stm32f4xx_tim.c...
compiling stm32f4xx_usart.c...
compiling stm32f4xx_syscfg.c...
compiling arm_cos_f32.c...
compiling arm_const_structs.c...
compiling arm_mat_mult_f32.c...
compiling arm_mat_trans_f32.c...
compiling arm_common_tables.c...
compiling arm_sin_f32.c...
compiling arm_mean_f32.c...
compiling list.c...
compiling queue.c...
compiling timers.c...
compiling port.c...
compiling tasks.c...
compiling heap_4.c...
compiling usb_core.c...
compiling usb_dcd.c...
compiling usbd_req.c...
compiling usbd_ioreq.c...
compiling usb_dcd_int.c...
compiling usbd_core.c...
compiling usbd_cdc_core.c...
compiling usb_bsp.c...
compiling usbd_usr.c...
compiling usbd_cdc_vcp.c...
compiling comm.c...
compiling usbd_desc.c...
compiling atkp.c...
compiling commander.c...
compiling console.c...
compiling radiolink.c...
compiling ledseq.c...
compiling remoter_ctrl.c...
compiling pm.c...
compiling usblink.c...
compiling anomal_detec.c...
compiling attitude_pid.c...
compiling power_control.c...
compiling pid.c...
compiling position_pid.c...
compiling flip.c...
compiling sensfusion6.c...
compiling state_control.c...
compiling filter.c...
compiling freeRTOSdebug.c...
compiling state_estimator.c...
compiling debug_assert.c...
compiling stabilizer.c...
compiling sensors.c...
compiling filter2.c...
compiling maths.c...
linking...
Program Size: Code=87364 RO-data=1400 RW-data=1884 ZI-data=43500  
FromELF: creating hex file...
"..\OBJ\Firmware_F411.axf" - 0 Error(s), 0 Warning(s).

<h2>Collection of Component include folders:</h2>
  E:\KEIL\MiniFly V1.2.1\MiniFly Master\2£¬STM32F411\Firmware_F411 V1.2.1\USER\RTE
  D:\Keil\ARM\PACK\Keil\STM32F4xx_DFP\2.13.0\Drivers\CMSIS\Device\ST\STM32F4xx\Include

<h2>Collection of Component Files used:</h2>
Build Time Elapsed:  00:00:24
</pre>
</body>
</html>
